// Jest Snapshot v1, https://goo.gl/fbAQLP

exports[`should render NotFound correctly 1`] = `
<div>
  ERROR 404 
  <Link
    replace={false}
    to="/"
  >
    home
  </Link>
</div>
`;
